// Jest Snapshot v1, https://goo.gl/fbAQLP

exports[`<Letter /> Matches snapshot letter is correct 1`] = `
<div
  className="letter"
  onClick={[Function]}
  role="button"
  tabIndex="0"
>
  D
</div>
`;

exports[`<Letter /> Matches snapshot letter is incorrect 1`] = `
<div
  className="letter"
  onClick={[Function]}
  role="button"
  tabIndex="0"
>
  D
</div>
`;

exports[`<Letter /> Matches snapshot letter is neither correct nor incorrect 1`] = `
<div
  className="letter"
  onClick={[Function]}
  role="button"
  tabIndex="0"
>
  D
</div>
`;
